


ARM Macro Assembler    Page 1 


    1 00000000                 AREA             data, DATA, READWRITE
    2 00000000                 EXPORT           input
    3 00000000                 EXPORT           output
    4 00000000                 EXPORT           s
    5 00000000                 EXPORT           v
    6 00000000                 EXPORT           transition
    7 00000000                 EXPORT           emission
    8 00000000                 EXPORT           prior
    9 00000000                 EXPORT           observation
   10 00000000 00000001 
              00000002 input   DCD              1,2
   11 00000008 00000001 
              00000002 
              00000003 
              00000004 output  DCD              1,2,3,4
   12 00000018 00000001 
                       s       DCD              1
   13 0000001C 00000001 
                       v       DCD              1
   14 00000020 00000001 
              00000002 
              00000003 
              00000004 transition
                               DCD              1,2,3,4
   15 00000030 00000001 
              00000002 
              00000003 
              00000004 
              00000005 
              00000006 emission
                               DCD              1,2,3,4,5,6
   16 00000048 00000001 
              00000002 prior   DCD              1,2
   17 00000050 00000001 
              00000002 
              00000003 
              00000004 
              00000005 
              00000006 observation
                               DCD              1,2,3,4,5,6
   18 00000068                 END
Command Line: --debug --xref --diag_suppress=9931 --cpu=Cortex-M4.fp --apcs=int
erwork --depend=.\object\viterbiupdate_asm_testbed_data.d -o.\object\viterbiupd
ate_asm_testbed_data.o -I"E:\McGill5\ECSE426\Lab 1\RTE" -I"E:\McGill5\ECSE426\L
ab 1\RTE\Device\STM32F407VG" -IC:\Keil_v5\ARM\PACK\ARM\CMSIS\4.4.0\CMSIS\Includ
e -IC:\Keil_v5\ARM\PACK\Keil\STM32F4xx_DFP\1.0.8\Device\Include --predefine="__
EVAL SETA 1" --predefine="__MICROLIB SETA 1" --predefine="__UVISION_VERSION SET
A 516" --predefine="_RTE_ SETA 1" --predefine="STM32F40_41xxx SETA 1" --list=.\
listings\viterbiupdate_asm_testbed_data.lst ViterbiUpdate_asm_testbed_data.s



ARM Macro Assembler    Page 1 Alphabetic symbol ordering
Relocatable symbols

data 00000000

Symbol: data
   Definitions
      At line 1 in file ViterbiUpdate_asm_testbed_data.s
   Uses
      None
Comment: data unused
emission 00000030

Symbol: emission
   Definitions
      At line 15 in file ViterbiUpdate_asm_testbed_data.s
   Uses
      At line 7 in file ViterbiUpdate_asm_testbed_data.s
Comment: emission used once
input 00000000

Symbol: input
   Definitions
      At line 10 in file ViterbiUpdate_asm_testbed_data.s
   Uses
      At line 2 in file ViterbiUpdate_asm_testbed_data.s
Comment: input used once
observation 00000050

Symbol: observation
   Definitions
      At line 17 in file ViterbiUpdate_asm_testbed_data.s
   Uses
      At line 9 in file ViterbiUpdate_asm_testbed_data.s
Comment: observation used once
output 00000008

Symbol: output
   Definitions
      At line 11 in file ViterbiUpdate_asm_testbed_data.s
   Uses
      At line 3 in file ViterbiUpdate_asm_testbed_data.s
Comment: output used once
prior 00000048

Symbol: prior
   Definitions
      At line 16 in file ViterbiUpdate_asm_testbed_data.s
   Uses
      At line 8 in file ViterbiUpdate_asm_testbed_data.s
Comment: prior used once
s 00000018

Symbol: s
   Definitions
      At line 12 in file ViterbiUpdate_asm_testbed_data.s
   Uses
      At line 4 in file ViterbiUpdate_asm_testbed_data.s
Comment: s used once
transition 00000020

Symbol: transition



ARM Macro Assembler    Page 2 Alphabetic symbol ordering
Relocatable symbols

   Definitions
      At line 14 in file ViterbiUpdate_asm_testbed_data.s
   Uses
      At line 6 in file ViterbiUpdate_asm_testbed_data.s
Comment: transition used once
v 0000001C

Symbol: v
   Definitions
      At line 13 in file ViterbiUpdate_asm_testbed_data.s
   Uses
      At line 5 in file ViterbiUpdate_asm_testbed_data.s
Comment: v used once
9 symbols
344 symbols in table
