<html>
<body>
<pre>
<h1>µVision Build Log</h1>
<h2>Tool Versions:</h2>
IDE-Version: µVision V5.16a
Copyright (C) 2015 ARM Ltd and ARM Germany GmbH. All rights reserved.
License Information: Connor Stein, McGill University, LIC=----
 
Tool Versions:
Toolchain:       MDK-Lite  Version: 5.16a
Toolchain Path:  C:\Keil_v5\ARM\ARMCC_505u2\Bin
C Compiler:      Armcc.exe V5.05 update 2 (build 169)
Assembler:       Armasm.exe V5.05 update 2 (build 169)
Linker/Locator:  ArmLink.exe V5.05 update 2 (build 169)
Library Manager: ArmAr.exe V5.05 update 2 (build 169)
Hex Converter:   FromElf.exe V5.05 update 2 (build 169)
CPU DLL:         SARMCM3.DLL V5.16a
Dialog DLL:      DCM.DLL V1.13.2.0
Target DLL:      STLink\ST-LINKIII-KEIL_SWO.dll V2.0.17.0
Dialog DLL:      TCM.DLL V1.14.5.0
 
<h2>Project:</h2>
E:\McGill5\ECSE426\Lab 1\Lab 1 Base Project.uvprojx
Project File Date:  10/01/2015

<h2>Output:</h2>
*** Using Compiler 'V5.05 update 2 (build 169)', folder: 'C:\Keil_v5\ARM\ARMCC_505u2\Bin'
Rebuild target 'Lab1'
compiling fputc_debug.c...
compiling main.c...
source\main.c(114): warning:  #223-D: function "abs" declared implicitly
                else if(reading<=abs(alpha1)){
source\main.c(120): warning:  #111-D: statement is unreachable
                return 0;
source\main.c: 2 warnings, 0 errors
assembling Quiz1_Studying.s...
Quiz1_Studying.s(8): warning: A1581W: Added 2 bytes of padding at address 0x6
Quiz1_Studying.s(25): warning: A1581W: Added 2 bytes of padding at address 0x3a
assembling ViterbiUpdate_asm.s...
ViterbiUpdate_asm.s(94): warning: A1581W: Added 2 bytes of padding at address 0xf2
assembling ViterbiUpdate_asm_testbed.s...
assembling ViterbiUpdate_asm_testbed_data.s...
compiling withCMSIS.c...
withCMSIS.c(111): warning:  #223-D: function "abs" declared implicitly
                else if(reading<=abs(alpha1)){
withCMSIS.c(117): warning:  #111-D: statement is unreachable
                return 0;
withCMSIS.c: 2 warnings, 0 errors
assembling startup_stm32f40_41xxx.s...
compiling system_stm32f4xx.c...
linking...
Program Size: Code=3044 RO-data=812 RW-data=12 ZI-data=2180  
".\object\Lab 1 Base Project.axf" - 0 Error(s), 7 Warning(s).

<h2>Software Packages used:</h2>

Package Vendor: ARM
                http://www.keil.com/pack/ARM.CMSIS.4.4.0.pack
                ARM::CMSIS:CORE:4.2.0
                CMSIS (Cortex Microcontroller Software Interface Standard)
   * Component: CORE Version: 4.2.0
   * Component: DSP Version: 1.4.6

Package Vendor: Keil
                http://www.keil.com/pack/Keil.STM32F4xx_DFP.1.0.8.pack
                Keil::Device:Startup:1.3.1
                STMicroelectronics STM32F4 Series Device Support, Drivers and Examples
   * Component: Startup Version: 1.3.1

<h2>Collection of Component include folders:</h2>
  E:\McGill5\ECSE426\Lab 1\RTE
  E:\McGill5\ECSE426\Lab 1\RTE\Device\STM32F407VG
  C:\Keil_v5\ARM\PACK\ARM\CMSIS\4.4.0\CMSIS\Include
  C:\Keil_v5\ARM\PACK\Keil\STM32F4xx_DFP\1.0.8\Device\Include

<h2>Collection of Component Files used:</h2>

   * Component: ARM::CMSIS:CORE:4.2.0

   * Component: ARM::CMSIS:DSP:1.4.6
      Include file:  CMSIS\Include\arm_math.h
      Library file:  CMSIS\Lib\ARM\arm_cortexM4lf_math.lib

   * Component: Keil::Device:Startup:1.3.1
      Include file:  Device\Include\stm32f4xx.h
      Source file:   Device\Source\ARM\STM32F4xx_OTP.s
      Source file:   Device\Source\ARM\STM32F40xxx_41xxx_OPT.s
      Source file:   Device\Source\system_stm32f4xx.c
      Include file:  RTE_Driver\Config\RTE_Device.h
      Source file:   Device\Source\ARM\startup_stm32f40_41xxx.s
Build Time Elapsed:  00:00:02
</pre>
</body>
</html>
